// Jest Snapshot v1, https://goo.gl/fbAQLP

exports[`ErrorBoundary renders ErrorBoundary 1`] = `<div />`;
