// Jest Snapshot v1, https://goo.gl/fbAQLP

exports[`/api/homework/teacher/assign endpoint if ok 1`] = `
{
  "code": 0,
  "result": {
    "affected": 1,
  },
}
`;
